<?xml version="1.0" encoding="UTF-8"?>
<testsuites name="jest tests" tests="2" failures="0" time="7.951">
  <testsuite name="icon" errors="0" failures="0" skipped="0" timestamp="2020-09-05T09:07:50" time="1.849" tests="2">
    <testcase classname="icon icon 是个 svg" name="icon icon 是个 svg" time="0.015">
    </testcase>
    <testcase classname="icon onCLick" name="icon onCLick" time="0.044">
    </testcase>
  </testsuite>
</testsuites>